// Jest Snapshot v1, https://goo.gl/fbAQLP

exports[`test Component Card 1`] = `
<View
  style={
    Object {
      "alignItems": "center",
      "backgroundColor": "#fff",
      "borderRadius": 5,
      "elevation": 5,
      "flex": 0.8,
      "position": "relative",
      "shadowColor": "#000",
      "shadowOffset": Object {
        "height": 3,
        "width": 0,
      },
      "shadowOpacity": 0.29,
      "shadowRadius": 4.65,
      "zIndex": 0,
    }
  }
>
  <View
    style={
      Object {
        "alignSelf": "stretch",
        "backgroundColor": "rgba(0,0,0,.15)",
        "borderBottomColor": "rgba(0,0,0,.3)",
        "borderBottomWidth": 1,
        "borderTopLeftRadius": 5,
        "borderTopRightRadius": 5,
        "flex": 0.35,
        "width": "auto",
      }
    }
  />
  <View
    style={
      Object {
        "backgroundColor": "white",
        "borderColor": "rgba(0,0,0,.3)",
        "borderRadius": 100,
        "borderWidth": 1,
        "flex": 0.3,
        "height": 170,
        "padding": 5,
        "position": "absolute",
        "top": 40,
        "width": 170,
      }
    }
  >
    <Image
      source={
        Object {
          "testUri": "../../../src/components/Card/placeholder.jpg",
        }
      }
      style={
        Object {
          "alignSelf": "stretch",
          "backgroundColor": "rgba(0,0,0,0.4)",
          "borderRadius": 100,
          "flex": 1,
          "height": 158,
          "resizeMode": "cover",
          "width": 158,
        }
      }
    />
  </View>
  <View
    style={
      Object {
        "alignItems": "center",
        "alignSelf": "stretch",
        "backgroundColor": "transparent",
        "borderBottomLeftRadius": 5,
        "borderBottomRightRadius": 5,
        "flex": 0.65,
        "padding": 20,
        "width": "auto",
      }
    }
  >
    <View
      style={
        Object {
          "alignSelf": "stretch",
          "flex": 0.6,
          "marginBottom": 10,
        }
      }
    >
      <View
        style={
          Object {
            "alignItems": "center",
            "alignSelf": "stretch",
            "flex": 1,
            "justifyContent": "flex-end",
          }
        }
      >
        <Text
          style={
            Object {
              "color": "gray",
              "fontSize": 18,
              "fontWeight": "500",
            }
          }
        >
          My name is
        </Text>
        <Text
          style={
            Object {
              "fontSize": 26,
              "fontWeight": "700",
              "textAlign": "center",
            }
          }
        >
          
        </Text>
      </View>
    </View>
    <View
      style={
        Object {
          "alignItems": "center",
          "alignSelf": "stretch",
          "flex": 0.4,
          "flexDirection": "row",
          "justifyContent": "space-around",
        }
      }
    >
      <View
        style={
          Object {
            "alignSelf": "stretch",
            "backgroundColor": "#86b300",
            "flex": 1,
            "height": 7,
            "left": 0,
            "position": "absolute",
            "top": 15,
            "width": 55,
          }
        }
      />
      <View
        style={
          Object {
            "overflow": "hidden",
          }
        }
      >
        <View
          accessible={true}
          focusable={true}
          onClick={[Function]}
          onResponderGrant={[Function]}
          onResponderMove={[Function]}
          onResponderRelease={[Function]}
          onResponderTerminate={[Function]}
          onResponderTerminationRequest={[Function]}
          onStartShouldSetResponder={[Function]}
        >
          <View
            style={
              Object {
                "alignItems": "center",
                "backgroundColor": "transparent",
                "justifyContent": "center",
              }
            }
          >
            <Text
              allowFontScaling={false}
              brand={false}
              solid={false}
              style={
                Array [
                  Object {
                    "color": "#86b300",
                    "fontSize": 35,
                  },
                  Object {
                    "backgroundColor": "transparent",
                  },
                  Object {
                    "fontFamily": "Material Icons",
                    "fontStyle": "normal",
                    "fontWeight": "normal",
                  },
                  Object {},
                ]
              }
              testID="iconIcon"
            >
              
            </Text>
          </View>
        </View>
      </View>
      <View
        style={
          Object {
            "overflow": "hidden",
          }
        }
      >
        <View
          accessible={true}
          focusable={true}
          onClick={[Function]}
          onResponderGrant={[Function]}
          onResponderMove={[Function]}
          onResponderRelease={[Function]}
          onResponderTerminate={[Function]}
          onResponderTerminationRequest={[Function]}
          onStartShouldSetResponder={[Function]}
        >
          <View
            style={
              Object {
                "alignItems": "center",
                "backgroundColor": "transparent",
                "justifyContent": "center",
              }
            }
          >
            <Text
              allowFontScaling={false}
              brand={false}
              solid={false}
              style={
                Array [
                  Object {
                    "color": "rgba(0,0,0,0.2)",
                    "fontSize": 35,
                  },
                  Object {
                    "backgroundColor": "transparent",
                  },
                  Object {
                    "fontFamily": "Material Icons",
                    "fontStyle": "normal",
                    "fontWeight": "normal",
                  },
                  Object {},
                ]
              }
              testID="iconIcon"
            >
              
            </Text>
          </View>
        </View>
      </View>
      <View
        style={
          Object {
            "overflow": "hidden",
          }
        }
      >
        <View
          accessible={true}
          focusable={true}
          onClick={[Function]}
          onResponderGrant={[Function]}
          onResponderMove={[Function]}
          onResponderRelease={[Function]}
          onResponderTerminate={[Function]}
          onResponderTerminationRequest={[Function]}
          onStartShouldSetResponder={[Function]}
        >
          <View
            style={
              Object {
                "alignItems": "center",
                "backgroundColor": "transparent",
                "justifyContent": "center",
              }
            }
          >
            <Text
              allowFontScaling={false}
              brand={false}
              solid={false}
              style={
                Array [
                  Object {
                    "color": "rgba(0,0,0,0.2)",
                    "fontSize": 35,
                  },
                  Object {
                    "backgroundColor": "transparent",
                  },
                  Object {
                    "fontFamily": "Material Icons",
                    "fontStyle": "normal",
                    "fontWeight": "normal",
                  },
                  Object {},
                ]
              }
              testID="iconIcon"
            >
              
            </Text>
          </View>
        </View>
      </View>
      <View
        style={
          Object {
            "overflow": "hidden",
          }
        }
      >
        <View
          accessible={true}
          focusable={true}
          onClick={[Function]}
          onResponderGrant={[Function]}
          onResponderMove={[Function]}
          onResponderRelease={[Function]}
          onResponderTerminate={[Function]}
          onResponderTerminationRequest={[Function]}
          onStartShouldSetResponder={[Function]}
        >
          <View
            style={
              Object {
                "alignItems": "center",
                "backgroundColor": "transparent",
                "justifyContent": "center",
              }
            }
          >
            <Text
              allowFontScaling={false}
              brand={false}
              solid={false}
              style={
                Array [
                  Object {
                    "color": "rgba(0,0,0,0.2)",
                    "fontSize": 35,
                  },
                  Object {
                    "backgroundColor": "transparent",
                  },
                  Object {
                    "fontFamily": "Material Icons",
                    "fontStyle": "normal",
                    "fontWeight": "normal",
                  },
                  Object {},
                ]
              }
              testID="iconIcon"
            >
              
            </Text>
          </View>
        </View>
      </View>
      <View
        style={
          Object {
            "overflow": "hidden",
          }
        }
      >
        <View
          accessible={true}
          focusable={true}
          onClick={[Function]}
          onResponderGrant={[Function]}
          onResponderMove={[Function]}
          onResponderRelease={[Function]}
          onResponderTerminate={[Function]}
          onResponderTerminationRequest={[Function]}
          onStartShouldSetResponder={[Function]}
        >
          <View
            style={
              Object {
                "alignItems": "center",
                "backgroundColor": "transparent",
                "justifyContent": "center",
              }
            }
          >
            <Text
              allowFontScaling={false}
              brand={false}
              solid={false}
              style={
                Array [
                  Object {
                    "color": "rgba(0,0,0,0.2)",
                    "fontSize": 35,
                  },
                  Object {
                    "backgroundColor": "transparent",
                  },
                  Object {
                    "fontFamily": "Material Icons",
                    "fontStyle": "normal",
                    "fontWeight": "normal",
                  },
                  Object {},
                ]
              }
              testID="iconIcon"
            >
              
            </Text>
          </View>
        </View>
      </View>
    </View>
  </View>
</View>
`;
