// Jest Snapshot v1, https://goo.gl/fbAQLP

exports[`test Component Home 1`] = `
<View
  style={
    Object {
      "alignItems": "center",
      "flex": 1,
    }
  }
>
  <View
    style={
      Object {
        "alignSelf": "stretch",
        "backgroundColor": "rgba(0,0,0,.7)",
        "flex": 0.23,
      }
    }
  />
  <View
    pointerEvents="auto"
    style={
      Array [
        Object {
          "alignItems": "stretch",
          "bottom": 0,
          "left": 0,
          "position": "absolute",
          "right": 0,
          "top": 0,
        },
        Object {
          "backgroundColor": "rgba(0,0,0,0.05)",
          "marginBottom": 0,
          "marginTop": 0,
        },
        Object {},
      ]
    }
  >
    <View
      pointerEvents="box-none"
      style={
        Array [
          Object {
            "bottom": 0,
            "left": 0,
            "position": "absolute",
            "right": 0,
            "top": 0,
          },
          Object {
            "zIndex": -1,
          },
        ]
      }
    />
    <View
      onMoveShouldSetResponder={[Function]}
      onMoveShouldSetResponderCapture={[Function]}
      onResponderEnd={[Function]}
      onResponderGrant={[Function]}
      onResponderMove={[Function]}
      onResponderReject={[Function]}
      onResponderRelease={[Function]}
      onResponderStart={[Function]}
      onResponderTerminate={[Function]}
      onResponderTerminationRequest={[Function]}
      onStartShouldSetResponder={[Function]}
      onStartShouldSetResponderCapture={[Function]}
      style={
        Object {
          "flex": 1,
          "height": 1214,
          "left": 20,
          "opacity": 1,
          "position": "absolute",
          "top": 60,
          "transform": Array [
            Object {
              "translateX": 0,
            },
            Object {
              "translateY": 0,
            },
            Object {
              "rotate": "0deg",
            },
          ],
          "width": 710,
          "zIndex": 1,
        }
      }
    >
      <View
        style={
          Object {
            "alignItems": "center",
            "backgroundColor": "#fff",
            "borderRadius": 5,
            "elevation": 5,
            "flex": 0.8,
            "position": "relative",
            "shadowColor": "#000",
            "shadowOffset": Object {
              "height": 3,
              "width": 0,
            },
            "shadowOpacity": 0.29,
            "shadowRadius": 4.65,
            "zIndex": 0,
          }
        }
      >
        <View
          style={
            Object {
              "alignSelf": "stretch",
              "backgroundColor": "rgba(0,0,0,.15)",
              "borderBottomColor": "rgba(0,0,0,.3)",
              "borderBottomWidth": 1,
              "borderTopLeftRadius": 5,
              "borderTopRightRadius": 5,
              "flex": 0.35,
              "width": "auto",
            }
          }
        />
        <View
          style={
            Object {
              "backgroundColor": "white",
              "borderColor": "rgba(0,0,0,.3)",
              "borderRadius": 100,
              "borderWidth": 1,
              "flex": 0.3,
              "height": 170,
              "padding": 5,
              "position": "absolute",
              "top": 40,
              "width": 170,
            }
          }
        >
          <Image
            source={
              Object {
                "uri": "https://api.randomuser.me/portraits/women/43.jpg",
              }
            }
            style={
              Object {
                "alignSelf": "stretch",
                "backgroundColor": "rgba(0,0,0,0.4)",
                "borderRadius": 100,
                "flex": 1,
                "height": 158,
                "resizeMode": "cover",
                "width": 158,
              }
            }
          />
        </View>
        <View
          style={
            Object {
              "alignItems": "center",
              "alignSelf": "stretch",
              "backgroundColor": "transparent",
              "borderBottomLeftRadius": 5,
              "borderBottomRightRadius": 5,
              "flex": 0.65,
              "padding": 20,
              "width": "auto",
            }
          }
        >
          <View
            style={
              Object {
                "alignSelf": "stretch",
                "flex": 0.6,
                "marginBottom": 10,
              }
            }
          >
            <View
              style={
                Object {
                  "alignItems": "center",
                  "alignSelf": "stretch",
                  "flex": 1,
                  "justifyContent": "flex-end",
                }
              }
            >
              <Text
                style={
                  Object {
                    "color": "gray",
                    "fontSize": 18,
                    "fontWeight": "500",
                  }
                }
              >
                My name is
              </Text>
              <Text
                style={
                  Object {
                    "fontSize": 26,
                    "fontWeight": "700",
                    "textAlign": "center",
                  }
                }
              >
                miss kelley catherine
              </Text>
            </View>
          </View>
          <View
            style={
              Object {
                "alignItems": "center",
                "alignSelf": "stretch",
                "flex": 0.4,
                "flexDirection": "row",
                "justifyContent": "space-around",
              }
            }
          >
            <View
              style={
                Object {
                  "alignSelf": "stretch",
                  "backgroundColor": "#86b300",
                  "flex": 1,
                  "height": 7,
                  "left": 0,
                  "position": "absolute",
                  "top": 15,
                  "width": 55,
                }
              }
            />
            <View
              style={
                Object {
                  "overflow": "hidden",
                }
              }
            >
              <View
                accessible={true}
                focusable={true}
                onClick={[Function]}
                onResponderGrant={[Function]}
                onResponderMove={[Function]}
                onResponderRelease={[Function]}
                onResponderTerminate={[Function]}
                onResponderTerminationRequest={[Function]}
                onStartShouldSetResponder={[Function]}
              >
                <View
                  style={
                    Object {
                      "alignItems": "center",
                      "backgroundColor": "transparent",
                      "justifyContent": "center",
                    }
                  }
                >
                  <Text
                    allowFontScaling={false}
                    brand={false}
                    solid={false}
                    style={
                      Array [
                        Object {
                          "color": "#86b300",
                          "fontSize": 35,
                        },
                        Object {
                          "backgroundColor": "transparent",
                        },
                        Object {
                          "fontFamily": "Material Icons",
                          "fontStyle": "normal",
                          "fontWeight": "normal",
                        },
                        Object {},
                      ]
                    }
                    testID="iconIcon"
                  >
                    
                  </Text>
                </View>
              </View>
            </View>
            <View
              style={
                Object {
                  "overflow": "hidden",
                }
              }
            >
              <View
                accessible={true}
                focusable={true}
                onClick={[Function]}
                onResponderGrant={[Function]}
                onResponderMove={[Function]}
                onResponderRelease={[Function]}
                onResponderTerminate={[Function]}
                onResponderTerminationRequest={[Function]}
                onStartShouldSetResponder={[Function]}
              >
                <View
                  style={
                    Object {
                      "alignItems": "center",
                      "backgroundColor": "transparent",
                      "justifyContent": "center",
                    }
                  }
                >
                  <Text
                    allowFontScaling={false}
                    brand={false}
                    solid={false}
                    style={
                      Array [
                        Object {
                          "color": "rgba(0,0,0,0.2)",
                          "fontSize": 35,
                        },
                        Object {
                          "backgroundColor": "transparent",
                        },
                        Object {
                          "fontFamily": "Material Icons",
                          "fontStyle": "normal",
                          "fontWeight": "normal",
                        },
                        Object {},
                      ]
                    }
                    testID="iconIcon"
                  >
                    
                  </Text>
                </View>
              </View>
            </View>
            <View
              style={
                Object {
                  "overflow": "hidden",
                }
              }
            >
              <View
                accessible={true}
                focusable={true}
                onClick={[Function]}
                onResponderGrant={[Function]}
                onResponderMove={[Function]}
                onResponderRelease={[Function]}
                onResponderTerminate={[Function]}
                onResponderTerminationRequest={[Function]}
                onStartShouldSetResponder={[Function]}
              >
                <View
                  style={
                    Object {
                      "alignItems": "center",
                      "backgroundColor": "transparent",
                      "justifyContent": "center",
                    }
                  }
                >
                  <Text
                    allowFontScaling={false}
                    brand={false}
                    solid={false}
                    style={
                      Array [
                        Object {
                          "color": "rgba(0,0,0,0.2)",
                          "fontSize": 35,
                        },
                        Object {
                          "backgroundColor": "transparent",
                        },
                        Object {
                          "fontFamily": "Material Icons",
                          "fontStyle": "normal",
                          "fontWeight": "normal",
                        },
                        Object {},
                      ]
                    }
                    testID="iconIcon"
                  >
                    
                  </Text>
                </View>
              </View>
            </View>
            <View
              style={
                Object {
                  "overflow": "hidden",
                }
              }
            >
              <View
                accessible={true}
                focusable={true}
                onClick={[Function]}
                onResponderGrant={[Function]}
                onResponderMove={[Function]}
                onResponderRelease={[Function]}
                onResponderTerminate={[Function]}
                onResponderTerminationRequest={[Function]}
                onStartShouldSetResponder={[Function]}
              >
                <View
                  style={
                    Object {
                      "alignItems": "center",
                      "backgroundColor": "transparent",
                      "justifyContent": "center",
                    }
                  }
                >
                  <Text
                    allowFontScaling={false}
                    brand={false}
                    solid={false}
                    style={
                      Array [
                        Object {
                          "color": "rgba(0,0,0,0.2)",
                          "fontSize": 35,
                        },
                        Object {
                          "backgroundColor": "transparent",
                        },
                        Object {
                          "fontFamily": "Material Icons",
                          "fontStyle": "normal",
                          "fontWeight": "normal",
                        },
                        Object {},
                      ]
                    }
                    testID="iconIcon"
                  >
                    
                  </Text>
                </View>
              </View>
            </View>
            <View
              style={
                Object {
                  "overflow": "hidden",
                }
              }
            >
              <View
                accessible={true}
                focusable={true}
                onClick={[Function]}
                onResponderGrant={[Function]}
                onResponderMove={[Function]}
                onResponderRelease={[Function]}
                onResponderTerminate={[Function]}
                onResponderTerminationRequest={[Function]}
                onStartShouldSetResponder={[Function]}
              >
                <View
                  style={
                    Object {
                      "alignItems": "center",
                      "backgroundColor": "transparent",
                      "justifyContent": "center",
                    }
                  }
                >
                  <Text
                    allowFontScaling={false}
                    brand={false}
                    solid={false}
                    style={
                      Array [
                        Object {
                          "color": "rgba(0,0,0,0.2)",
                          "fontSize": 35,
                        },
                        Object {
                          "backgroundColor": "transparent",
                        },
                        Object {
                          "fontFamily": "Material Icons",
                          "fontStyle": "normal",
                          "fontWeight": "normal",
                        },
                        Object {},
                      ]
                    }
                    testID="iconIcon"
                  >
                    
                  </Text>
                </View>
              </View>
            </View>
          </View>
        </View>
      </View>
    </View>
  </View>
  <View
    style={
      Object {
        "alignItems": "flex-end",
        "alignSelf": "stretch",
        "flex": 0.73,
        "flexDirection": "row",
        "justifyContent": "space-around",
      }
    }
  >
    <View
      style={
        Object {
          "backgroundColor": "#fff",
          "borderRadius": 3,
          "overflow": "hidden",
          "shadowColor": "rgba(0,0,0, .4)",
          "shadowOffset": Object {
            "height": 1,
            "width": 1,
          },
          "shadowOpacity": 1,
          "shadowRadius": 1,
        }
      }
    >
      <View
        accessibilityRole="button"
        accessibilityState={
          Object {
            "busy": false,
            "disabled": false,
          }
        }
        accessible={true}
        focusable={true}
        onClick={[Function]}
        onResponderGrant={[Function]}
        onResponderMove={[Function]}
        onResponderRelease={[Function]}
        onResponderTerminate={[Function]}
        onResponderTerminationRequest={[Function]}
        onStartShouldSetResponder={[Function]}
        style={
          Object {
            "opacity": 1,
          }
        }
      >
        <View
          style={
            Object {
              "alignItems": "center",
              "backgroundColor": "rgba(0,0,0,0.6000000000000001)",
              "borderColor": "#2089dc",
              "borderRadius": 3,
              "borderWidth": 0,
              "flexDirection": "row",
              "justifyContent": "center",
              "padding": 8,
              "width": 335,
            }
          }
        >
          <View
            style={
              Object {
                "overflow": "hidden",
              }
            }
          >
            <View
              theme={
                Object {
                  "colors": Object {
                    "disabled": "hsl(208, 8%, 90%)",
                    "divider": "#bcbbc1",
                    "error": "#ff190c",
                    "grey0": "#393e42",
                    "grey1": "#43484d",
                    "grey2": "#5e6977",
                    "grey3": "#86939e",
                    "grey4": "#bdc6cf",
                    "grey5": "#e1e8ee",
                    "greyOutline": "#bbb",
                    "platform": Object {
                      "android": Object {
                        "error": "#f44336",
                        "primary": "#2196f3",
                        "secondary": "#9C27B0",
                        "success": "#4caf50",
                        "warning": "#ffeb3b",
                      },
                      "ios": Object {
                        "error": "#ff3b30",
                        "primary": "#007aff",
                        "secondary": "#5856d6",
                        "success": "#4cd964",
                        "warning": "#ffcc00",
                      },
                    },
                    "primary": "#2089dc",
                    "searchBg": "#303337",
                    "secondary": "#8F0CE8",
                    "success": "#52c41a",
                    "warning": "#faad14",
                  },
                }
              }
            >
              <View
                style={
                  Object {
                    "alignItems": "center",
                    "backgroundColor": "transparent",
                    "justifyContent": "center",
                  }
                }
              >
                <Text
                  allowFontScaling={false}
                  brand={false}
                  solid={false}
                  style={
                    Array [
                      Object {
                        "color": "white",
                        "fontSize": 30,
                      },
                      Object {
                        "backgroundColor": "transparent",
                      },
                      Object {
                        "fontFamily": "Material Icons",
                        "fontStyle": "normal",
                        "fontWeight": "normal",
                      },
                      Object {},
                    ]
                  }
                  testID="iconIcon"
                >
                  
                </Text>
              </View>
            </View>
          </View>
          <Text
            style={
              Object {
                "color": "white",
                "fontSize": 18,
                "marginLeft": 5,
                "paddingBottom": 1,
                "paddingTop": 2,
                "textAlign": "center",
              }
            }
          >
            Nope
          </Text>
        </View>
      </View>
    </View>
    <View
      style={
        Object {
          "backgroundColor": "#fff",
          "borderRadius": 3,
          "overflow": "hidden",
          "shadowColor": "rgba(0,0,0, .4)",
          "shadowOffset": Object {
            "height": 1,
            "width": 1,
          },
          "shadowOpacity": 1,
          "shadowRadius": 1,
        }
      }
    >
      <View
        accessibilityRole="button"
        accessibilityState={
          Object {
            "busy": false,
            "disabled": false,
          }
        }
        accessible={true}
        focusable={true}
        onClick={[Function]}
        onResponderGrant={[Function]}
        onResponderMove={[Function]}
        onResponderRelease={[Function]}
        onResponderTerminate={[Function]}
        onResponderTerminationRequest={[Function]}
        onStartShouldSetResponder={[Function]}
        style={
          Object {
            "opacity": 1,
          }
        }
      >
        <View
          style={
            Object {
              "alignItems": "center",
              "backgroundColor": "#86b300",
              "borderColor": "#2089dc",
              "borderRadius": 3,
              "borderWidth": 0,
              "flexDirection": "row",
              "justifyContent": "center",
              "padding": 8,
              "width": 335,
            }
          }
        >
          <View
            style={
              Object {
                "overflow": "hidden",
              }
            }
          >
            <View
              theme={
                Object {
                  "colors": Object {
                    "disabled": "hsl(208, 8%, 90%)",
                    "divider": "#bcbbc1",
                    "error": "#ff190c",
                    "grey0": "#393e42",
                    "grey1": "#43484d",
                    "grey2": "#5e6977",
                    "grey3": "#86939e",
                    "grey4": "#bdc6cf",
                    "grey5": "#e1e8ee",
                    "greyOutline": "#bbb",
                    "platform": Object {
                      "android": Object {
                        "error": "#f44336",
                        "primary": "#2196f3",
                        "secondary": "#9C27B0",
                        "success": "#4caf50",
                        "warning": "#ffeb3b",
                      },
                      "ios": Object {
                        "error": "#ff3b30",
                        "primary": "#007aff",
                        "secondary": "#5856d6",
                        "success": "#4cd964",
                        "warning": "#ffcc00",
                      },
                    },
                    "primary": "#2089dc",
                    "searchBg": "#303337",
                    "secondary": "#8F0CE8",
                    "success": "#52c41a",
                    "warning": "#faad14",
                  },
                }
              }
            >
              <View
                style={
                  Object {
                    "alignItems": "center",
                    "backgroundColor": "transparent",
                    "justifyContent": "center",
                  }
                }
              >
                <Text
                  allowFontScaling={false}
                  brand={false}
                  solid={false}
                  style={
                    Array [
                      Object {
                        "color": "white",
                        "fontSize": 30,
                      },
                      Object {
                        "backgroundColor": "transparent",
                      },
                      Object {
                        "fontFamily": "Material Icons",
                        "fontStyle": "normal",
                        "fontWeight": "normal",
                      },
                      Object {},
                    ]
                  }
                  testID="iconIcon"
                >
                  
                </Text>
              </View>
            </View>
          </View>
          <Text
            style={
              Object {
                "color": "white",
                "fontSize": 18,
                "marginLeft": 5,
                "paddingBottom": 1,
                "paddingTop": 2,
                "textAlign": "center",
              }
            }
          >
            Like
          </Text>
        </View>
      </View>
    </View>
  </View>
</View>
`;
